<html>
<body>
<pre>
<h1>µVision Build Log</h1>
<h2>Project:</h2>
C:\autotest\Keiltest\CIU98M25_DemoCOS\DemoCOS\CIU98M25_DemoCOS_Base\CIU98M25_DemoCOS_Base.uvproj
Project File Date:  11/19/2019

<h2>Output:</h2>
Rebuild target 'CIU98M25_DemoCOS_Base'
assembling startup.s...
creating preprocessor file for main.c...
compiling main.c...
creating preprocessor file for APDU_7816.c...
compiling APDU_7816.c...
creating preprocessor file for APDU_SWP_CARD.c...
compiling APDU_SWP_CARD.c...
creating preprocessor file for SCI.c...
compiling SCI.c...
creating preprocessor file for SubFunc.c...
compiling SubFunc.c...
creating preprocessor file for Interrupt.c...
compiling Interrupt.c...
creating preprocessor file for HCI_lib_GVar.c...
compiling HCI_lib_GVar.c...
creating preprocessor file for CIU98M25_API_Base_NoNVM.c...
compiling CIU98M25_API_Base_NoNVM.c...
creating preprocessor file for CIU98M25_API_NVM_STABILITY.c...
compiling CIU98M25_API_NVM_STABILITY.c...
linking...
Program Size: Code=40364 RO-data=62048 RW-data=444 ZI-data=7724  
FromELF: creating hex file...
".\OBJ\DemoCOS_Base.axf" - 0 Errors, 0 Warning(s).
