<html>
<body>
<pre>
<h1>µVision Build Log</h1>
<h2>Project:</h2>
C:\autotest\Keiltest\CIU98M25_DemoCOS\DemoCOS\CIU98M25_DemoCOS_SPISlave\CIU98M25_DemoCOS_SPISlave.uvproj
Project File Date:  11/19/2019

<h2>Output:</h2>
Rebuild target 'CIU98M25_DemoCOS_SPISlave'
assembling startup.s...
creating preprocessor file for main.c...
compiling main.c...
creating preprocessor file for DEMO_APDU.c...
compiling DEMO_APDU.c...
creating preprocessor file for SPI.c...
compiling SPI.c...
creating preprocessor file for CIU98M25_API_Base_NoNVM.c...
compiling CIU98M25_API_Base_NoNVM.c...
linking...
Program Size: Code=3224 RO-data=99188 RW-data=4 ZI-data=5420  
FromELF: creating hex file...
".\OBJ\DemoCOS_SPISlave.axf" - 0 Errors, 0 Warning(s).
